AR bitadder_16 behavioral C:/Users/Bailey/Desktop/Nibble_Knowledge_CPU(1)/bitadder_16.vhd sub00/vhpl07 1448848117
AR control_unit_v2 behavioral C:/Users/Bailey/Desktop/Nibble_Knowledge_CPU(1)/control_unit_V2.vhd sub00/vhpl33 1448848121
AR io_mapping behavioral C:/Users/Bailey/Desktop/Nibble_Knowledge_CPU(1)/io_mapping.vhd sub00/vhpl37 1448848113
EN io_decode NULL C:/Users/Bailey/Desktop/Nibble_Knowledge_CPU(1)/io_decode.vhd sub00/vhpl34 1448848110
EN alu_complete NULL C:/Users/Bailey/Desktop/Nibble_Knowledge_CPU(1)/alu_complete.vhd sub00/vhpl18 1448848118
AR alu_decode behavioral C:/Users/Bailey/Desktop/Nibble_Knowledge_CPU(1)/alu_decode.vhd sub00/vhpl17 1448848107
AR downcounter behavioral C:/Users/Bailey/Desktop/Nibble_Knowledge_CPU(1)/downcounter.vhd sub00/vhpl27 1448848099
AR cpu_ram behavioral C:/Users/Colton/Nibble_Knowledge_CPU/CPU_RAM.vhd sub00/vhpl01 1445574315
EN alu_decode NULL C:/Users/Bailey/Desktop/Nibble_Knowledge_CPU(1)/alu_decode.vhd sub00/vhpl16 1448848106
AR clock_divider behavioral C:/Users/Colton/Desktop/Nibble_Knowledge_CPU/clock_divider.vhd sub00/vhpl29 1446344516
AR bitadder_1 behavioral C:/Users/Bailey/Desktop/Nibble_Knowledge_CPU(1)/bitadder_1.vhd sub00/vhpl05 1448848109
EN bitadder_1 NULL C:/Users/Bailey/Desktop/Nibble_Knowledge_CPU(1)/bitadder_1.vhd sub00/vhpl04 1448848108
EN control_unit NULL C:/Users/Colton/Desktop/Nibble_Knowledge_CPU/control_unit.vhd sub00/vhpl20 1446402922
AR cpu behavioral C:/Users/Bailey/Desktop/Nibble_Knowledge_CPU(1)/CPU-TopLevel.vhd sub00/vhpl25 1448848127
AR reg behavioral C:/Users/Bailey/Desktop/Nibble_Knowledge_CPU(1)/Reg.vhd sub00/vhpl15 1448848105
AR four_bit_nand behavioral C:/Users/Bailey/Desktop/Nibble_Knowledge_CPU(1)/four_bit_nand.vhd sub00/vhpl13 1448848103
EN cpu NULL C:/Users/Bailey/Desktop/Nibble_Knowledge_CPU(1)/CPU-TopLevel.vhd sub00/vhpl24 1448848126
EN register16_with_we NULL C:/Users/Bailey/Desktop/Nibble_Knowledge_CPU(1)/register16_with_we.vhd sub00/vhpl22 1448848122
EN clock_divider NULL C:/Users/Colton/Desktop/Nibble_Knowledge_CPU/clock_divider.vhd sub00/vhpl28 1446344515
EN register16 NULL C:/Users/Bailey/Desktop/Nibble_Knowledge_CPU(1)/register16.vhd sub00/vhpl02 1448848114
AR alu_complete behavioral C:/Users/Bailey/Desktop/Nibble_Knowledge_CPU(1)/alu_complete.vhd sub00/vhpl19 1448848119
AR four_bit_full_adder behavioral C:/Users/Bailey/Desktop/Nibble_Knowledge_CPU(1)/four_bit_full_adder.vhd sub00/vhpl11 1448848101
EN control_unit_v2 NULL C:/Users/Bailey/Desktop/Nibble_Knowledge_CPU(1)/control_unit_V2.vhd sub00/vhpl32 1448848120
AR io_decode behavioral C:/Users/Bailey/Desktop/Nibble_Knowledge_CPU(1)/io_decode.vhd sub00/vhpl35 1448848111
EN io_mapping NULL C:/Users/Bailey/Desktop/Nibble_Knowledge_CPU(1)/io_mapping.vhd sub00/vhpl36 1448848112
EN bitadder_16 NULL C:/Users/Bailey/Desktop/Nibble_Knowledge_CPU(1)/bitadder_16.vhd sub00/vhpl06 1448848116
EN downcounter NULL C:/Users/Bailey/Desktop/Nibble_Knowledge_CPU(1)/downcounter.vhd sub00/vhpl26 1448848098
EN cpu_ram NULL C:/Users/Colton/Nibble_Knowledge_CPU/CPU_RAM.vhd sub00/vhpl00 1445574314
EN clock_divider_v2 NULL C:/Users/Bailey/Desktop/Nibble_Knowledge_CPU(1)/clock_divider_V2.vhd sub00/vhpl30 1448848124
EN one_bit_full_adder NULL C:/Users/Bailey/Desktop/Nibble_Knowledge_CPU(1)/one_bit_full_adder.vhd sub00/vhpl08 1448848096
AR clock_new behavioral C:/Users/Bailey/Desktop/Nibble_Knowledge_CPU(1)/clock_new.vhd sub00/vhpl39 1448845734
AR clock_divider_v2 behavioral C:/Users/Bailey/Desktop/Nibble_Knowledge_CPU(1)/clock_divider_V2.vhd sub00/vhpl31 1448848125
AR register16_with_we behavioral C:/Users/Bailey/Desktop/Nibble_Knowledge_CPU(1)/register16_with_we.vhd sub00/vhpl23 1448848123
AR register16 behavioral C:/Users/Bailey/Desktop/Nibble_Knowledge_CPU(1)/register16.vhd sub00/vhpl03 1448848115
EN four_bit_nand NULL C:/Users/Bailey/Desktop/Nibble_Knowledge_CPU(1)/four_bit_nand.vhd sub00/vhpl12 1448848102
EN four_bit_full_adder NULL C:/Users/Bailey/Desktop/Nibble_Knowledge_CPU(1)/four_bit_full_adder.vhd sub00/vhpl10 1448848100
AR one_bit_full_adder behavioral C:/Users/Bailey/Desktop/Nibble_Knowledge_CPU(1)/one_bit_full_adder.vhd sub00/vhpl09 1448848097
EN reg NULL C:/Users/Bailey/Desktop/Nibble_Knowledge_CPU(1)/Reg.vhd sub00/vhpl14 1448848104
EN clock_new NULL C:/Users/Bailey/Desktop/Nibble_Knowledge_CPU(1)/clock_new.vhd sub00/vhpl38 1448845733
AR control_unit behavioral C:/Users/Colton/Desktop/Nibble_Knowledge_CPU/control_unit.vhd sub00/vhpl21 1446402923
